[ceylonfarmer.com/index.html]
[backblue.gif]
[fade.gif]
[index.html]
[ceylonfarmer.com/catalog/view/javascript/jquery/jquery-2.1.1.min.js]
[ceylonfarmer.com/catalog/view/javascript/bootstrap/css/bootstrap.min.css]
[ceylonfarmer.com/catalog/view/javascript/bootstrap/js/bootstrap.min.js]
[ceylonfarmer.com/catalog/view/javascript/font-awesome/css/font-awesome.min.css]
[ceylonfarmer.com/catalog/view/theme/default/stylesheet/stylesheet.css]
[ceylonfarmer.com/catalog/view/javascript/jquery/swiper/css/swiper.min.css]
[ceylonfarmer.com/catalog/view/javascript/jquery/swiper/css/opencart.css]
[ceylonfarmer.com/catalog/view/javascript/jquery/swiper/js/swiper.jquery.js]
[ceylonfarmer.com/catalog/view/javascript/common.js]
[ceylonfarmer.com/image/catalog/icon.jpg]
[ceylonfarmer.com/indexe223.html]
[ceylonfarmer.com/index5502.html]
[ceylonfarmer.com/index630e.html]
[ceylonfarmer.com/index9328.html]
[ceylonfarmer.com/image/catalog/logo_ceylonfarmer.jpg]
[ceylonfarmer.com/index73b3.html]
[ceylonfarmer.com/index6067.html]
[ceylonfarmer.com/img/m_img-1.png]
[ceylonfarmer.com/img/1.png]
[ceylonfarmer.com/img/2.png]
[ceylonfarmer.com/img/3.png]
[ceylonfarmer.com/img/4.png]
[ceylonfarmer.com/img/5.png]
[ceylonfarmer.com/img/6.png]
[ceylonfarmer.com/img/7.png]
[ceylonfarmer.com/img/8.png]
[ceylonfarmer.com/img/m_img-2.png]
[ceylonfarmer.com/img/m_img-3.png]
[ceylonfarmer.com/img/9.png]
[ceylonfarmer.com/img/10.png]
[ceylonfarmer.com/img/Sanjana---02.png]
[ajax.googleapis.com/ajax/libs/jquery/1.11.3/jquery.min.js]
[ceylonfarmer.com/index11cd.html]
[ceylonfarmer.com/index7184.html]
[ceylonfarmer.com/index2724.html]
[ceylonfarmer.com/index7cb2.html]
[ceylonfarmer.com/index.html]
[ceylonfarmer.com/catalog/view/javascript/bootstrap/fonts/glyphicons-halflings-regular.eot]
[ceylonfarmer.com/catalog/view/javascript/bootstrap/fonts/glyphicons-halflings-regulard41d.eot]
[ceylonfarmer.com/catalog/view/javascript/bootstrap/fonts/glyphicons-halflings-regular.woff]
[ceylonfarmer.com/catalog/view/javascript/bootstrap/fonts/glyphicons-halflings-regular.ttf]
[ceylonfarmer.com/catalog/view/javascript/bootstrap/css/bootstrap.min.css]
[ceylonfarmer.com/catalog/view/javascript/font-awesome/fonts/fontawesome-webfont3e6e.eot]
[ceylonfarmer.com/catalog/view/javascript/font-awesome/fonts/fontawesome-webfontd41d.eot]
[ceylonfarmer.com/catalog/view/javascript/font-awesome/fonts/fontawesome-webfont3e6e.woff]
[ceylonfarmer.com/catalog/view/javascript/font-awesome/fonts/fontawesome-webfont3e6e.ttf]
[ceylonfarmer.com/catalog/view/javascript/font-awesome/css/font-awesome.min.css]
[ceylonfarmer.com/catalog/view/theme/default/font/FMDerana.TTF]
[ceylonfarmer.com/catalog/view/theme/default/font/beyond_the_mountains.ttf]
[ceylonfarmer.com/catalog/view/theme/default/font/Fertigo_PRO.otf]
[ceylonfarmer.com/catalog/view/theme/default/font/Raleway-Regular.ttf]
[ceylonfarmer.com/catalog/view/theme/default/font/Raleway-SemiBold.ttf]
[ceylonfarmer.com/font/FMDerana.TTF]
[ceylonfarmer.com/font/beyond_the_mountains.ttf]
[ceylonfarmer.com/font/Fertigo_PRO.otf]
[ceylonfarmer.com/font/Raleway-Regular.ttf]
[ceylonfarmer.com/font/Raleway-SemiBold.ttf]
[ceylonfarmer.com/img/cf-cover.png]
[ceylonfarmer.com/catalog/view/theme/default/stylesheet/stylesheet.css]
[ceylonfarmer.com/catalog/view/javascript/jquery/swiper/css/swiper.min.css]
[ceylonfarmer.com/catalog/view/javascript/jquery/swiper/css/opencart.css]
[ceylonfarmer.com/indexacda.html]
[ceylonfarmer.com/indexe223.html]
[ceylonfarmer.com/catalog/view/javascript/jquery/datetimepicker/bootstrap-datetimepicker.min.css]
[ceylonfarmer.com/catalog/view/javascript/jquery/datetimepicker/moment/moment.min.js]
[ceylonfarmer.com/catalog/view/javascript/jquery/datetimepicker/moment/moment-with-locales.min.js]
[ceylonfarmer.com/catalog/view/javascript/jquery/datetimepicker/bootstrap-datetimepicker.min.js]
[ceylonfarmer.com/index5502.html]
[ceylonfarmer.com/index630e.html]
[ceylonfarmer.com/index9328.html]
[ceylonfarmer.com/image/cache/catalog/Vegetables/ash plantain-114x114.jpg]
[ceylonfarmer.com/image/cache/catalog/Vegetables/B-Onion-114x114.jpg]
[ceylonfarmer.com/image/cache/catalog/Vegetables/beetroot-114x114.jpg]
[ceylonfarmer.com/image/cache/catalog/Vegetables/Bell Pepper - Green-114x114.jpg]
[ceylonfarmer.com/image/cache/catalog/Vegetables/redbellpepper-1-114x114.jpg]
[ceylonfarmer.com/image/cache/catalog/Vegetables/Bell Pepper - Yellow-114x114.jpg]
[ceylonfarmer.com/image/cache/catalog/Vegetables/bittergourd-114x114.jpg]
[ceylonfarmer.com/image/cache/catalog/Vegetables/Breadfruit-114x114.png]
[ceylonfarmer.com/image/cache/catalog/Vegetables/Brinjals-114x114.jpg]
[ceylonfarmer.com/image/cache/catalog/Vegetables/broccoli-healthy-diet-114x114.jpg]
[ceylonfarmer.com/image/cache/catalog/Vegetables/cabbage-114x114.jpg]
[ceylonfarmer.com/image/cache/catalog/Vegetables/capcisum-114x114.jpg]
[ceylonfarmer.com/image/cache/catalog/Vegetables/carrot-114x114.jpg]
[ceylonfarmer.com/image/cache/catalog/Vegetables/Cauliflower-114x114.png]
[ceylonfarmer.com/image/cache/catalog/Vegetables/Kakiri-114x114.jpg]
[ceylonfarmer.com/image/cache/catalog/Vegetables/Garlic-114x114.jpg]
[ceylonfarmer.com/image/cache/catalog/Vegetables/Ginger-114x114.jpg]
[ceylonfarmer.com/image/cache/catalog/Vegetables/Green Beans-114x114.jpg]
[ceylonfarmer.com/image/cache/catalog/Vegetables/Green_chili-114x114.jpg]
[ceylonfarmer.com/image/cache/catalog/Vegetables/Jack Ravinga-114x114.jpg]
[ceylonfarmer.com/image/cache/catalog/Vegetables/Kesel Muwa-114x114.jpg]
[ceylonfarmer.com/image/cache/catalog/Vegetables/knolkhol-114x114.jpg]
[ceylonfarmer.com/image/cache/catalog/Vegetables/Kohila_Dalu-114x114.jpg]
[ceylonfarmer.com/image/cache/catalog/Vegetables/Ladies Fingers-114x114.jpg]
[ceylonfarmer.com/image/cache/catalog/Vegetables/leeks-114x114.jpg]
[ceylonfarmer.com/image/cache/catalog/Vegetables/Lime-114x114.jpg]
[ceylonfarmer.com/image/cache/catalog/Vegetables/potato-114x114.jpg]
[ceylonfarmer.com/image/cache/catalog/Vegetables/long_beans-114x114.jpg]
[ceylonfarmer.com/image/cache/catalog/Vegetables/luffa-114x114.jpg]
[ceylonfarmer.com/image/cache/catalog/Vegetables/Malu Amba-114x114.jpg]
[ceylonfarmer.com/image/cache/catalog/Vegetables/Tapiocca_Manioc-114x114.jpg]
[ceylonfarmer.com/image/cache/catalog/Vegetables/Naimiris-114x114.jpg]
[ceylonfarmer.com/image/cache/catalog/Vegetables/pumpkin-114x114.jpg]
[ceylonfarmer.com/image/cache/catalog/Vegetables/raddish-114x114.jpg]
[ceylonfarmer.com/image/cache/catalog/Vegetables/Red Onion-114x114.jpg]
[ceylonfarmer.com/image/cache/catalog/Vegetables/Snake_Gourd-114x114.jpg]
[ceylonfarmer.com/image/cache/catalog/Vegetables/Spring Onion-114x114.jpg]
[ceylonfarmer.com/image/cache/catalog/Vegetables/Sweet Potato-114x114.jpg]
[ceylonfarmer.com/image/cache/catalog/Vegetables/tomato-114x114.jpg]
[ceylonfarmer.com/image/cache/catalog/Vegetables/Turkey Berry-114x114.png]
[ceylonfarmer.com/image/cache/catalog/Vegetables/Cucumber_White-114x114.jpg]
[ceylonfarmer.com/index73b3.html]
[ceylonfarmer.com/image/cache/catalog/Fruits/Alphonso Mango-114x114.jpg]
[ceylonfarmer.com/image/cache/catalog/Fruits/Avocado-114x114.jpg]
[ceylonfarmer.com/image/cache/catalog/Fruits/Banana-Ambul-114x114.jpg]
[ceylonfarmer.com/image/cache/catalog/Fruits/Banana-Ambun-114x114.jpg]
[ceylonfarmer.com/image/cache/catalog/Fruits/Banana-Anamalu-114x114.jpg]
[ceylonfarmer.com/image/cache/catalog/Fruits/Banana-Kolikuttu-114x114.jpg]
[ceylonfarmer.com/image/cache/catalog/Fruits/Banana-Seeni-114x114.jpg]
[ceylonfarmer.com/image/cache/catalog/Fruits/Guava-114x114.jpg]
[ceylonfarmer.com/image/cache/catalog/Fruits/Sri Lankan Mandarin-114x114.jpg]
[ceylonfarmer.com/image/cache/catalog/Fruits/Mango-Jaffna-114x114.jpg]
[ceylonfarmer.com/image/cache/catalog/Fruits/Mangosteen-114x114.jpg]
[ceylonfarmer.com/image/cache/catalog/Fruits/Papaya-114x114.jpg]
[ceylonfarmer.com/image/cache/catalog/Fruits/Passion Fruit-114x114.jpg]
[ceylonfarmer.com/image/cache/catalog/Fruits/Pineapple-114x114.jpg]
[ceylonfarmer.com/image/cache/catalog/Fruits/Water Melon-114x114.jpg]
[ceylonfarmer.com/index6067.html]
[ceylonfarmer.com/js/bootstrap.min.html]
[ceylonfarmer.com/image/catalog/head-img.png]
[ceylonfarmer.com/image/catalog/logo.png]
[ceylonfarmer.com/image/catalog/1.png]
[ceylonfarmer.com/image/catalog/2.png]
[ceylonfarmer.com/image/catalog/3.png]
[ceylonfarmer.com/image/catalog/4.png]
[ceylonfarmer.com/index11cd.html]
[ceylonfarmer.com/image/catalog/map.jpg]
[ceylonfarmer.com/index7184.html]
[ceylonfarmer.com/image/cache/catalog/logo_ceylonfarmer-268x50.jpg]
[ceylonfarmer.com/index2724.html]
[ceylonfarmer.com/indexf110.html]
[ceylonfarmer.com/index64b3.html]
[ceylonfarmer.com/index7cb2.html]
[ceylonfarmer.com/index1d84.html]
[ceylonfarmer.com/index1e1c.html]
[ceylonfarmer.com/catalog/view/javascript/bootstrap/fonts/glyphicons-halflings-regular.html]
[ceylonfarmer.com/catalog/view/javascript/bootstrap/fonts/glyphicons-halflings-regular.svg]
[ceylonfarmer.com/catalog/view/javascript/font-awesome/fonts/fontawesome-webfont3e6e.html]
[ceylonfarmer.com/catalog/view/javascript/font-awesome/fonts/fontawesome-webfont3e6e.svg]
[ceylonfarmer.com/indexacda.html]
[ceylonfarmer.com/catalog/view/javascript/jquery/datetimepicker/bootstrap-datetimepicker.min.css]
[ceylonfarmer.com/index-2.html]
[ceylonfarmer.com/indexf110.html]
[ceylonfarmer.com/index64b3.html]
